2026-09-14T18:07:13Z ERROR   no cached snapshot at /Users/abdulkadir/MyOperator/talentflow-q3/data/raw; run `make refresh` (needs AIRTABLE_TOKEN)
2026-09-14T18:07:20Z INFO    refresh start: base=appYePRAI75PMbQNQ, 8 tables
2026-09-14T18:07:22Z INFO    GET https://api.airtable.com/v0/meta/bases/appYePRAI75PMbQNQ/tables params={} -> 403
2026-09-14T18:07:22Z WARNING schema endpoint 403 (token lacks schema scope); fields must be inferred from records
2026-09-14T18:07:25Z INFO    GET https://api.airtable.com/v0/appYePRAI75PMbQNQ/Departments params={'pageSize': 100} -> 200
2026-09-14T18:07:25Z INFO    Departments: 8 records in 1 page(s)
2026-09-14T18:07:26Z INFO    GET https://api.airtable.com/v0/appYePRAI75PMbQNQ/People params={'pageSize': 100} -> 200
2026-09-14T18:07:26Z INFO    People: 14 records in 1 page(s)
2026-09-14T18:07:26Z INFO    GET https://api.airtable.com/v0/appYePRAI75PMbQNQ/Job%20Openings params={'pageSize': 100} -> 200
2026-09-14T18:07:26Z INFO    Job Openings: 24 records in 1 page(s)
2026-09-14T18:07:27Z INFO    GET https://api.airtable.com/v0/appYePRAI75PMbQNQ/Candidates params={'pageSize': 100} -> 200
2026-09-14T18:07:28Z INFO    GET https://api.airtable.com/v0/appYePRAI75PMbQNQ/Candidates params={'pageSize': 100, 'offset': 'itryTdrAmCXx4fxdV/recJYEsd93C0FgfMW'} -> 200
2026-09-14T18:07:29Z INFO    GET https://api.airtable.com/v0/appYePRAI75PMbQNQ/Candidates params={'pageSize': 100, 'offset': 'itryTdrAmCXx4fxdV/recctPo5MuFDsjhjc'} -> 200
2026-09-14T18:07:29Z INFO    Candidates: 300 records in 3 page(s)
2026-09-14T18:07:30Z INFO    GET https://api.airtable.com/v0/appYePRAI75PMbQNQ/Applications params={'pageSize': 100} -> 200
2026-09-14T18:07:30Z INFO    GET https://api.airtable.com/v0/appYePRAI75PMbQNQ/Applications params={'pageSize': 100, 'offset': 'itrFurtlQ5ZILnSyS/recHlHHOMl1lKNj9P'} -> 200
2026-09-14T18:07:31Z INFO    GET https://api.airtable.com/v0/appYePRAI75PMbQNQ/Applications params={'pageSize': 100, 'offset': 'itrFurtlQ5ZILnSyS/recb3UBJcTBRHpdui'} -> 200
2026-09-14T18:07:32Z INFO    GET https://api.airtable.com/v0/appYePRAI75PMbQNQ/Applications params={'pageSize': 100, 'offset': 'itrFurtlQ5ZILnSyS/recsR2Y6HZo9GiSb7'} -> 200
2026-09-14T18:07:32Z INFO    Applications: 350 records in 4 page(s)
2026-09-14T18:07:33Z INFO    GET https://api.airtable.com/v0/appYePRAI75PMbQNQ/Interviews params={'pageSize': 100} -> 200
2026-09-14T18:07:33Z INFO    GET https://api.airtable.com/v0/appYePRAI75PMbQNQ/Interviews params={'pageSize': 100, 'offset': 'itrlJSftTWM43ECl6/recZRXcMrqdHEKGKO'} -> 200
2026-09-14T18:07:33Z INFO    Interviews: 160 records in 2 page(s)
2026-09-14T18:07:34Z INFO    GET https://api.airtable.com/v0/appYePRAI75PMbQNQ/Offers params={'pageSize': 100} -> 200
2026-09-14T18:07:34Z INFO    Offers: 36 records in 1 page(s)
2026-09-14T18:07:35Z INFO    GET https://api.airtable.com/v0/appYePRAI75PMbQNQ/Findings params={'pageSize': 100} -> 200
2026-09-14T18:07:35Z INFO    Findings: 0 records in 1 page(s)
2026-09-14T18:07:35Z INFO    refresh done: 892 records across 8 tables, 15 API requests, 0 x 429
2026-09-14T18:07:46Z INFO    cache Departments        8 records
2026-09-14T18:07:46Z INFO    cache People            14 records
2026-09-14T18:07:46Z INFO    cache Job Openings      24 records
2026-09-14T18:07:46Z INFO    cache Candidates       300 records
2026-09-14T18:07:46Z INFO    cache Applications     350 records
2026-09-14T18:07:46Z INFO    cache Interviews       160 records
2026-09-14T18:07:46Z INFO    cache Offers            36 records
2026-09-14T18:07:46Z INFO    cache Findings           0 records
2026-09-14T18:07:46Z INFO    cache OK: snapshot 2026-09-14T18:07:35Z, all sha256 match, no network used
2026-09-14T18:13:06Z INFO    cache Departments        8 records
2026-09-14T18:13:06Z INFO    cache People            14 records
2026-09-14T18:13:06Z INFO    cache Job Openings      24 records
2026-09-14T18:13:06Z INFO    cache Candidates       300 records
2026-09-14T18:13:06Z INFO    cache Applications     350 records
2026-09-14T18:13:06Z INFO    cache Interviews       160 records
2026-09-14T18:13:06Z INFO    cache Offers            36 records
2026-09-14T18:13:06Z INFO    cache Findings           0 records
2026-09-14T18:13:06Z INFO    cache OK: snapshot 2026-09-14T18:07:35Z, all sha256 match, no network used
2026-09-15T05:03:56Z INFO    cache Departments        8 records
2026-09-15T05:03:56Z INFO    cache People            14 records
2026-09-15T05:03:56Z INFO    cache Job Openings      24 records
2026-09-15T05:03:56Z INFO    cache Candidates       300 records
2026-09-15T05:03:56Z INFO    cache Applications     350 records
2026-09-15T05:03:56Z INFO    cache Interviews       160 records
2026-09-15T05:03:56Z INFO    cache Offers            36 records
2026-09-15T05:03:56Z INFO    cache Findings           0 records
2026-09-15T05:03:56Z INFO    cache OK: snapshot 2026-09-14T18:07:35Z, all sha256 match, no network used
2026-09-15T05:04:33Z INFO    cache Departments        8 records
2026-09-15T05:04:33Z INFO    cache People            14 records
2026-09-15T05:04:33Z INFO    cache Job Openings      24 records
2026-09-15T05:04:33Z INFO    cache Candidates       300 records
2026-09-15T05:04:33Z INFO    cache Applications     350 records
2026-09-15T05:04:33Z INFO    cache Interviews       160 records
2026-09-15T05:04:33Z INFO    cache Offers            36 records
2026-09-15T05:04:33Z INFO    cache Findings           0 records
2026-09-15T05:04:33Z INFO    cache OK: snapshot 2026-09-14T18:07:35Z, all sha256 match, no network used
2026-09-15T05:14:46Z INFO    cache Departments        8 records
2026-09-15T05:14:46Z INFO    cache People            14 records
2026-09-15T05:14:46Z INFO    cache Job Openings      24 records
2026-09-15T05:14:46Z INFO    cache Candidates       300 records
2026-09-15T05:14:46Z INFO    cache Applications     350 records
2026-09-15T05:14:46Z INFO    cache Interviews       160 records
2026-09-15T05:14:46Z INFO    cache Offers            36 records
2026-09-15T05:14:46Z INFO    cache Findings           0 records
2026-09-15T05:14:46Z INFO    cache OK: snapshot 2026-09-14T18:07:35Z, all sha256 match, no network used
2026-09-15T05:54:30Z INFO    cache Departments        8 records
2026-09-15T05:54:30Z INFO    cache People            14 records
2026-09-15T05:54:30Z INFO    cache Job Openings      24 records
2026-09-15T05:54:30Z INFO    cache Candidates       300 records
2026-09-15T05:54:30Z INFO    cache Applications     350 records
2026-09-15T05:54:30Z INFO    cache Interviews       160 records
2026-09-15T05:54:30Z INFO    cache Offers            36 records
2026-09-15T05:54:30Z INFO    cache Findings           0 records
2026-09-15T05:54:30Z INFO    cache OK: snapshot 2026-09-14T18:07:35Z, all sha256 match, no network used
2026-09-15T05:55:09Z INFO    cache Departments        8 records
2026-09-15T05:55:09Z INFO    cache People            14 records
2026-09-15T05:55:09Z INFO    cache Job Openings      24 records
2026-09-15T05:55:09Z INFO    cache Candidates       300 records
2026-09-15T05:55:09Z INFO    cache Applications     350 records
2026-09-15T05:55:09Z INFO    cache Interviews       160 records
2026-09-15T05:55:09Z INFO    cache Offers            36 records
2026-09-15T05:55:09Z INFO    cache Findings           0 records
2026-09-15T05:55:09Z INFO    cache OK: snapshot 2026-09-14T18:07:35Z, all sha256 match, no network used
2026-09-15T05:55:14Z INFO    cache Departments        8 records
2026-09-15T05:55:14Z INFO    cache People            14 records
2026-09-15T05:55:14Z INFO    cache Job Openings      24 records
2026-09-15T05:55:14Z INFO    cache Candidates       300 records
2026-09-15T05:55:14Z INFO    cache Applications     350 records
2026-09-15T05:55:14Z INFO    cache Interviews       160 records
2026-09-15T05:55:14Z INFO    cache Offers            36 records
2026-09-15T05:55:14Z INFO    cache Findings           0 records
2026-09-15T05:55:14Z INFO    cache OK: snapshot 2026-09-14T18:07:35Z, all sha256 match, no network used
2026-09-15T05:56:53Z INFO    cache Departments        8 records
2026-09-15T05:56:53Z INFO    cache People            14 records
2026-09-15T05:56:53Z INFO    cache Job Openings      24 records
2026-09-15T05:56:53Z INFO    cache Candidates       300 records
2026-09-15T05:56:53Z INFO    cache Applications     350 records
2026-09-15T05:56:53Z INFO    cache Interviews       160 records
2026-09-15T05:56:53Z INFO    cache Offers            36 records
2026-09-15T05:56:53Z INFO    cache Findings           0 records
2026-09-15T05:56:53Z INFO    cache OK: snapshot 2026-09-14T18:07:35Z, all sha256 match, no network used
2026-09-15T06:03:46Z INFO    cache Departments        8 records
2026-09-15T06:03:46Z INFO    cache People            14 records
2026-09-15T06:03:46Z INFO    cache Job Openings      24 records
2026-09-15T06:03:46Z INFO    cache Candidates       300 records
2026-09-15T06:03:46Z INFO    cache Applications     350 records
2026-09-15T06:03:46Z INFO    cache Interviews       160 records
2026-09-15T06:03:46Z INFO    cache Offers            36 records
2026-09-15T06:03:46Z INFO    cache Findings           0 records
2026-09-15T06:03:46Z INFO    cache OK: snapshot 2026-09-14T18:07:35Z, all sha256 match, no network used
2026-09-15T06:43:56Z INFO    cache Departments        8 records
2026-09-15T06:43:56Z INFO    cache People            14 records
2026-09-15T06:43:56Z INFO    cache Job Openings      24 records
2026-09-15T06:43:56Z INFO    cache Candidates       300 records
2026-09-15T06:43:56Z INFO    cache Applications     350 records
2026-09-15T06:43:56Z INFO    cache Interviews       160 records
2026-09-15T06:43:56Z INFO    cache Offers            36 records
2026-09-15T06:43:56Z INFO    cache Findings           0 records
2026-09-15T06:43:56Z INFO    cache OK: snapshot 2026-09-14T18:07:35Z, all sha256 match, no network used
2026-09-15T06:58:12Z INFO    cache Departments        8 records
2026-09-15T06:58:12Z INFO    cache People            14 records
2026-09-15T06:58:12Z INFO    cache Job Openings      24 records
2026-09-15T06:58:12Z INFO    cache Candidates       300 records
2026-09-15T06:58:12Z INFO    cache Applications     350 records
2026-09-15T06:58:12Z INFO    cache Interviews       160 records
2026-09-15T06:58:12Z INFO    cache Offers            36 records
2026-09-15T06:58:12Z INFO    cache Findings           0 records
2026-09-15T06:58:12Z INFO    cache OK: snapshot 2026-09-14T18:07:35Z, all sha256 match, no network used
2026-09-15T06:58:22Z INFO    cache Departments        8 records
2026-09-15T06:58:22Z INFO    cache People            14 records
2026-09-15T06:58:22Z INFO    cache Job Openings      24 records
2026-09-15T06:58:22Z INFO    cache Candidates       300 records
2026-09-15T06:58:22Z INFO    cache Applications     350 records
2026-09-15T06:58:22Z INFO    cache Interviews       160 records
2026-09-15T06:58:22Z INFO    cache Offers            36 records
2026-09-15T06:58:22Z INFO    cache Findings           0 records
2026-09-15T06:58:22Z INFO    cache OK: snapshot 2026-09-14T18:07:35Z, all sha256 match, no network used
2026-09-15T10:08:14Z INFO    cache Departments        8 records
2026-09-15T10:08:14Z INFO    cache People            14 records
2026-09-15T10:08:14Z INFO    cache Job Openings      24 records
2026-09-15T10:08:14Z INFO    cache Candidates       300 records
2026-09-15T10:08:14Z INFO    cache Applications     350 records
2026-09-15T10:08:14Z INFO    cache Interviews       160 records
2026-09-15T10:08:14Z INFO    cache Offers            36 records
2026-09-15T10:08:14Z INFO    cache Findings           0 records
2026-09-15T10:08:14Z INFO    cache OK: snapshot 2026-09-14T18:07:35Z, all sha256 match, no network used
2026-09-15T10:08:25Z INFO    cache Departments        8 records
2026-09-15T10:08:25Z INFO    cache People            14 records
2026-09-15T10:08:25Z INFO    cache Job Openings      24 records
2026-09-15T10:08:25Z INFO    cache Candidates       300 records
2026-09-15T10:08:25Z INFO    cache Applications     350 records
2026-09-15T10:08:25Z INFO    cache Interviews       160 records
2026-09-15T10:08:25Z INFO    cache Offers            36 records
2026-09-15T10:08:25Z INFO    cache Findings           0 records
2026-09-15T10:08:25Z INFO    cache OK: snapshot 2026-09-14T18:07:35Z, all sha256 match, no network used
2026-09-15T11:39:13Z INFO    cache Departments        8 records
2026-09-15T11:39:13Z INFO    cache People            14 records
2026-09-15T11:39:13Z INFO    cache Job Openings      24 records
2026-09-15T11:39:13Z INFO    cache Candidates       300 records
2026-09-15T11:39:13Z INFO    cache Applications     350 records
2026-09-15T11:39:13Z INFO    cache Interviews       160 records
2026-09-15T11:39:13Z INFO    cache Offers            36 records
2026-09-15T11:39:13Z INFO    cache Findings           0 records
2026-09-15T11:39:13Z INFO    cache OK: snapshot 2026-09-14T18:07:35Z, all sha256 match, no network used
2026-09-15T11:39:24Z INFO    cache Departments        8 records
2026-09-15T11:39:24Z INFO    cache People            14 records
2026-09-15T11:39:24Z INFO    cache Job Openings      24 records
2026-09-15T11:39:24Z INFO    cache Candidates       300 records
2026-09-15T11:39:24Z INFO    cache Applications     350 records
2026-09-15T11:39:24Z INFO    cache Interviews       160 records
2026-09-15T11:39:24Z INFO    cache Offers            36 records
2026-09-15T11:39:24Z INFO    cache Findings           0 records
2026-09-15T11:39:24Z INFO    cache OK: snapshot 2026-09-14T18:07:35Z, all sha256 match, no network used
